// Jest Snapshot v1, https://goo.gl/fbAQLP

exports[`<Footer /> should render and match the snapshot 1`] = `
<footer
  className="Wrapper-wcfdfo-0 bZvgwE"
>
  <div
    className="InnerContainer-sc-1oamtot-0 kkGRTG"
  >
    <div
      className="FooterLinks-sc-480whj-0 cEnGsE"
    >
      <div
        className="Wrapper-sc-86rpyn-0 ffPswK"
      >
        <a
          className="SocialLink-v62gqj-0 ghfzTE"
          href="/"
        >
          Facebook
        </a>
        <a
          className="SocialLink-v62gqj-0 ghfzTE"
          href="/"
        >
          Instagram
        </a>
        <a
          className="SocialLink-v62gqj-0 ghfzTE"
          href="/"
        >
          Anonymous
        </a>
        <a
          className="SocialLink-v62gqj-0 ghfzTE"
          href="/"
        >
          Twitter
        </a>
        <a
          className="SocialLink-v62gqj-0 ghfzTE"
          href="/"
        >
          Youtube
        </a>
      </div>
      <ul
        className="FooterNav-sc-15x8j48-0 dDisaP"
      >
        <li
          className="FooterItem-sc-1c6w7y7-0 jURWOB"
        >
          <a
            className="FooterLink-sc-1gbpsk1-0 jCHfhD"
            href="."
          >
            <span>
              Get the IMDb App
            </span>
          </a>
        </li>
        <li
          className="FooterItem-sc-1c6w7y7-0 jURWOB"
        >
          <a
            className="FooterLink-sc-1gbpsk1-0 jCHfhD"
            href="."
          >
            <span>
              Help
            </span>
          </a>
        </li>
        <li
          className="FooterItem-sc-1c6w7y7-0 jURWOB"
        >
          <a
            className="FooterLink-sc-1gbpsk1-0 jCHfhD"
            href="."
          >
            <span>
              Site Index
            </span>
          </a>
        </li>
        <li
          className="FooterItem-sc-1c6w7y7-0 jURWOB"
        >
          <a
            className="FooterLink-sc-1gbpsk1-0 jCHfhD"
            href="."
          >
            <span>
              IMDbPro
            </span>
          </a>
        </li>
        <li
          className="FooterItem-sc-1c6w7y7-0 jURWOB"
        >
          <a
            className="FooterLink-sc-1gbpsk1-0 jCHfhD"
            href="."
          >
            <span>
              Box Office Mojo
            </span>
          </a>
        </li>
        <li
          className="FooterItem-sc-1c6w7y7-0 jURWOB"
        >
          <a
            className="FooterLink-sc-1gbpsk1-0 jCHfhD"
            href="."
          >
            <span>
              IMDb Developer
            </span>
          </a>
        </li>
        <li
          className="FooterItem-sc-1c6w7y7-0 jURWOB"
        >
          <a
            className="FooterLink-sc-1gbpsk1-0 jCHfhD"
            href="."
          >
            <span>
              Press Room
            </span>
          </a>
        </li>
        <li
          className="FooterItem-sc-1c6w7y7-0 jURWOB"
        >
          <a
            className="FooterLink-sc-1gbpsk1-0 jCHfhD"
            href="."
          >
            <span>
              Advertising
            </span>
          </a>
        </li>
        <li
          className="FooterItem-sc-1c6w7y7-0 jURWOB"
        >
          <a
            className="FooterLink-sc-1gbpsk1-0 jCHfhD"
            href="."
          >
            <span>
              Jobs
            </span>
          </a>
        </li>
        <li
          className="FooterItem-sc-1c6w7y7-0 jURWOB"
        >
          <a
            className="FooterLink-sc-1gbpsk1-0 jCHfhD"
            href="."
          >
            <span>
              Conditions of Use
            </span>
          </a>
        </li>
        <li
          className="FooterItem-sc-1c6w7y7-0 jURWOB"
        >
          <a
            className="FooterLink-sc-1gbpsk1-0 jCHfhD"
            href="."
          >
            <span>
              Privacy Policy
            </span>
          </a>
        </li>
        <li
          className="FooterItem-sc-1c6w7y7-0 jURWOB"
        >
          <a
            className="FooterLink-sc-1gbpsk1-0 jCHfhD"
            href="."
          >
            <span>
              Interest-Based Ads
            </span>
          </a>
        </li>
      </ul>
    </div>
    <div
      className="FooterLogo-ejxje-0 cMqePI"
    >
      an amazon company
    </div>
    <p
      className="Copyright-t9gbre-0 kWrhgJ"
    >
      <span>
        This project is licensed under the MIT license.
      </span>
    </p>
  </div>
</footer>
`;
